2026-09-22 15:33:35,817 INFO o.a.j.u.JMeterUtils: Setting Locale to en_EN
2026-09-22 15:33:35,835 INFO o.a.j.JMeter: Loading user properties from: F:\program\apache-jmeter-5.6.3\bin\user.properties
2026-09-22 15:33:35,836 INFO o.a.j.JMeter: Loading system properties from: F:\program\apache-jmeter-5.6.3\bin\system.properties
2026-09-22 15:33:35,836 INFO o.a.j.JMeter: Setting JMeter property: threads=200
2026-09-22 15:33:35,841 INFO o.a.j.JMeter: Copyright (c) 1998-2024 The Apache Software Foundation
2026-09-22 15:33:35,842 INFO o.a.j.JMeter: Version 5.6.3
2026-09-22 15:33:35,842 INFO o.a.j.JMeter: java.version=21.0.4
2026-09-22 15:33:35,842 INFO o.a.j.JMeter: java.vm.name=Java HotSpot(TM) 64-Bit Server VM
2026-09-22 15:33:35,842 INFO o.a.j.JMeter: os.name=Windows 11
2026-09-22 15:33:35,842 INFO o.a.j.JMeter: os.arch=amd64
2026-09-22 15:33:35,842 INFO o.a.j.JMeter: os.version=10.0
2026-09-22 15:33:35,842 INFO o.a.j.JMeter: file.encoding=UTF-8
2026-09-22 15:33:35,842 INFO o.a.j.JMeter: java.awt.headless=true
2026-09-22 15:33:35,842 INFO o.a.j.JMeter: Max memory     =1073741824
2026-09-22 15:33:35,842 INFO o.a.j.JMeter: Available Processors =32
2026-09-22 15:33:35,849 INFO o.a.j.JMeter: Default Locale=English (EN)
2026-09-22 15:33:35,849 INFO o.a.j.JMeter: JMeter  Locale=English (EN)
2026-09-22 15:33:35,849 INFO o.a.j.JMeter: JMeterHome=F:\program\apache-jmeter-5.6.3
2026-09-22 15:33:35,849 INFO o.a.j.JMeter: user.dir  =F:\jkzdh封装\jmeter
2026-09-22 15:33:35,850 INFO o.a.j.JMeter: PWD       =F:\jkzdh封装\jmeter
2026-09-22 15:33:35,860 INFO o.a.j.JMeter: IP: 192.168.110.35 Name: LAPTOP-2NCPDE86 FullName: LAPTOP-2NCPDE86
2026-09-22 15:33:35,867 INFO o.a.j.JMeter: Setting property 'jmeter.reportgenerator.outputdir' to:'F:\jkzdh封装\jmeter\report_200'
2026-09-22 15:33:35,869 INFO o.a.j.s.FileServer: Default base='F:\jkzdh封装\jmeter'
2026-09-22 15:33:35,870 INFO o.a.j.s.FileServer: Set new base='F:\jkzdh封装\jmeter'
2026-09-22 15:33:36,023 INFO o.a.j.s.SaveService: Testplan (JMX) version: 2.2. Testlog (JTL) version: 2.2
2026-09-22 15:33:36,050 INFO o.a.j.s.SaveService: Using SaveService properties version 5.0
2026-09-22 15:33:36,052 INFO o.a.j.s.SaveService: Using SaveService properties file encoding UTF-8
2026-09-22 15:33:36,054 INFO o.a.j.s.SaveService: Loading file: HTTP请求.jmx
2026-09-22 15:33:36,095 INFO o.a.j.p.h.s.HTTPSamplerBase: Parser for text/html is org.apache.jmeter.protocol.http.parser.LagartoBasedHtmlParser
2026-09-22 15:33:36,095 INFO o.a.j.p.h.s.HTTPSamplerBase: Parser for application/xhtml+xml is org.apache.jmeter.protocol.http.parser.LagartoBasedHtmlParser
2026-09-22 15:33:36,095 INFO o.a.j.p.h.s.HTTPSamplerBase: Parser for application/xml is org.apache.jmeter.protocol.http.parser.LagartoBasedHtmlParser
2026-09-22 15:33:36,095 INFO o.a.j.p.h.s.HTTPSamplerBase: Parser for text/xml is org.apache.jmeter.protocol.http.parser.LagartoBasedHtmlParser
2026-09-22 15:33:36,095 INFO o.a.j.p.h.s.HTTPSamplerBase: Parser for text/vnd.wap.wml is org.apache.jmeter.protocol.http.parser.RegexpHTMLParser
2026-09-22 15:33:36,095 INFO o.a.j.p.h.s.HTTPSamplerBase: Parser for text/css is org.apache.jmeter.protocol.http.parser.CssParser
2026-09-22 15:33:36,122 INFO o.a.j.JMeter: Creating summariser <summary>
2026-09-22 15:33:36,124 INFO o.a.j.r.d.ReportGenerator: ReportGenerator will use for Parsing the separator: ','
2026-09-22 15:33:36,124 INFO o.a.j.r.d.ReportGenerator: Will generate report at end of test from  results file: result_200.jtl
2026-09-22 15:33:36,124 INFO o.a.j.r.d.ReportGenerator: Reading report generator properties from: F:\program\apache-jmeter-5.6.3\bin\reportgenerator.properties
2026-09-22 15:33:36,125 INFO o.a.j.r.d.ReportGenerator: Merging with JMeter properties
2026-09-22 15:33:36,128 INFO o.a.j.r.c.ReportGeneratorConfiguration: Property 'jmeter.reportgenerator.temp_dir' not found, using default value 'temp' instead.
2026-09-22 15:33:36,130 INFO o.a.j.r.c.ReportGeneratorConfiguration: Property 'jmeter.reportgenerator.apdex_per_transaction' not found, using default value 'null' instead.
2026-09-22 15:33:36,130 INFO o.a.j.r.c.ReportGeneratorConfiguration: apdex_per_transaction is empty, not APDEX per transaction customization
2026-09-22 15:33:36,130 INFO o.a.j.r.c.ReportGeneratorConfiguration: Property 'jmeter.reportgenerator.sample_filter' not found, using default value 'null' instead.
2026-09-22 15:33:36,130 INFO o.a.j.r.c.ReportGeneratorConfiguration: Property 'jmeter.reportgenerator.report_title' not found, using default value 'null' instead.
2026-09-22 15:33:36,131 INFO o.a.j.r.c.ReportGeneratorConfiguration: Property 'jmeter.reportgenerator.start_date' not found, using default value 'null' instead.
2026-09-22 15:33:36,131 INFO o.a.j.r.c.ReportGeneratorConfiguration: Property 'jmeter.reportgenerator.end_date' not found, using default value 'null' instead.
2026-09-22 15:33:36,131 INFO o.a.j.r.c.ReportGeneratorConfiguration: Property 'jmeter.reportgenerator.date_format' not found, using default value 'null' instead.
2026-09-22 15:33:36,131 INFO o.a.j.r.c.ReportGeneratorConfiguration: Will use date range start date: null, end date: null
2026-09-22 15:33:36,134 INFO o.a.j.r.c.ReportGeneratorConfiguration: Property 'jmeter.reportgenerator.graph.totalTPS.exclude_controllers' not found, using default value 'false' instead.
2026-09-22 15:33:36,134 INFO o.a.j.r.c.ReportGeneratorConfiguration: Property 'jmeter.reportgenerator.graph.activeThreadsOverTime.exclude_controllers' not found, using default value 'false' instead.
2026-09-22 15:33:36,134 INFO o.a.j.r.c.ReportGeneratorConfiguration: Property 'jmeter.reportgenerator.graph.timeVsThreads.exclude_controllers' not found, using default value 'false' instead.
2026-09-22 15:33:36,134 INFO o.a.j.r.c.ReportGeneratorConfiguration: Property 'jmeter.reportgenerator.graph.responseTimeDistribution.exclude_controllers' not found, using default value 'false' instead.
2026-09-22 15:33:36,136 INFO o.a.j.r.c.ReportGeneratorConfiguration: Property 'jmeter.reportgenerator.graph.transactionsPerSecond.exclude_controllers' not found, using default value 'false' instead.
2026-09-22 15:33:36,136 INFO o.a.j.r.c.ReportGeneratorConfiguration: Property 'jmeter.reportgenerator.graph.responseTimePercentiles.exclude_controllers' not found, using default value 'false' instead.
2026-09-22 15:33:36,136 INFO o.a.j.r.c.ReportGeneratorConfiguration: Property 'jmeter.reportgenerator.graph.responseTimePercentilesOverTime.exclude_controllers' not found, using default value 'false' instead.
2026-09-22 15:33:36,136 INFO o.a.j.r.c.ReportGeneratorConfiguration: Property 'jmeter.reportgenerator.graph.responseTimesOverTime.exclude_controllers' not found, using default value 'false' instead.
2026-09-22 15:33:36,136 INFO o.a.j.r.c.ReportGeneratorConfiguration: Property 'jmeter.reportgenerator.graph.connectTimeOverTime.exclude_controllers' not found, using default value 'false' instead.
2026-09-22 15:33:36,136 INFO o.a.j.r.c.ReportGeneratorConfiguration: Property 'jmeter.reportgenerator.graph.latenciesOverTime.exclude_controllers' not found, using default value 'false' instead.
2026-09-22 15:33:36,137 INFO o.a.j.r.c.ReportGeneratorConfiguration: Property 'jmeter.reportgenerator.exporter.json.filters_only_sample_series' not found, using default value 'true' instead.
2026-09-22 15:33:36,137 INFO o.a.j.r.c.ReportGeneratorConfiguration: Property 'jmeter.reportgenerator.exporter.json.series_filter' not found, using default value '' instead.
2026-09-22 15:33:36,137 INFO o.a.j.r.c.ReportGeneratorConfiguration: Property 'jmeter.reportgenerator.exporter.json.show_controllers_only' not found, using default value 'false' instead.
2026-09-22 15:33:36,139 INFO o.a.j.r.c.ReportGeneratorConfiguration: Property 'jmeter.reportgenerator.exporter.html.filters_only_sample_series' not found, using default value 'true' instead.
2026-09-22 15:33:36,139 INFO o.a.j.r.c.ReportGeneratorConfiguration: Property 'jmeter.reportgenerator.exporter.html.series_filter' not found, using default value '' instead.
2026-09-22 15:33:36,139 INFO o.a.j.r.c.ReportGeneratorConfiguration: Property 'jmeter.reportgenerator.exporter.html.show_controllers_only' not found, using default value 'false' instead.
2026-09-22 15:33:36,151 INFO o.a.j.e.StandardJMeterEngine: Running the test!
2026-09-22 15:33:36,151 INFO o.a.j.s.SampleEvent: List of sample_variables: []
2026-09-22 15:33:36,151 INFO o.a.j.s.SampleEvent: List of sample_variables: []
2026-09-22 15:33:36,154 INFO o.a.j.e.u.CompoundVariable: Note: Function class names must contain the string: '.functions.'
2026-09-22 15:33:36,154 INFO o.a.j.e.u.CompoundVariable: Note: Function class names must not contain the string: '.gui.'
2026-09-22 15:33:36,205 INFO o.a.j.JMeter: Running test (1790062416205)
2026-09-22 15:33:36,216 INFO o.a.j.e.StandardJMeterEngine: Starting ThreadGroup: 1 : 接口实战
2026-09-22 15:33:36,216 INFO o.a.j.e.StandardJMeterEngine: Starting 200 threads for group 接口实战.
2026-09-22 15:33:36,216 INFO o.a.j.e.StandardJMeterEngine: Thread will continue on error
2026-09-22 15:33:36,216 INFO o.a.j.t.ThreadGroup: Starting thread group... number=1 threads=200 ramp-up=2 delayedStart=false
2026-09-22 15:33:36,225 INFO o.a.j.t.JMeterThread: Thread started: 接口实战 1-1
2026-09-22 15:33:36,233 INFO o.a.j.t.JMeterThread: Thread started: 接口实战 1-2
2026-09-22 15:33:36,241 INFO o.a.j.t.JMeterThread: Thread started: 接口实战 1-3
2026-09-22 15:33:36,251 INFO o.a.j.t.JMeterThread: Thread started: 接口实战 1-4
2026-09-22 15:33:36,255 INFO o.a.j.p.h.s.HTTPHCAbstractImpl: Local host = LAPTOP-2NCPDE86
2026-09-22 15:33:36,260 INFO o.a.j.t.JMeterThread: Thread started: 接口实战 1-5
2026-09-22 15:33:36,269 INFO o.a.j.t.JMeterThread: Thread started: 接口实战 1-6
2026-09-22 15:33:36,279 INFO o.a.j.t.JMeterThread: Thread started: 接口实战 1-7
2026-09-22 15:33:36,282 INFO o.a.j.p.h.s.HTTPHC4Impl: HTTP request retry count = 0
2026-09-22 15:33:36,287 INFO o.a.j.s.SampleResult: Note: Sample TimeStamps are START times
2026-09-22 15:33:36,287 INFO o.a.j.s.SampleResult: sampleresult.default.encoding is set to UTF-8
2026-09-22 15:33:36,287 INFO o.a.j.s.SampleResult: sampleresult.useNanoTime=true
2026-09-22 15:33:36,287 INFO o.a.j.s.SampleResult: sampleresult.nanoThreadSleep=5000
2026-09-22 15:33:36,289 INFO o.a.j.t.JMeterThread: Thread started: 接口实战 1-8
2026-09-22 15:33:36,298 INFO o.a.j.t.JMeterThread: Thread started: 接口实战 1-9
2026-09-22 15:33:36,299 INFO o.a.j.t.ThreadGroup: Started thread group number 1
2026-09-22 15:33:36,299 INFO o.a.j.e.StandardJMeterEngine: All thread groups have been started
2026-09-22 15:33:36,308 INFO o.a.j.t.JMeterThread: Thread started: 接口实战 1-10
2026-09-22 15:33:36,317 INFO o.a.j.t.JMeterThread: Thread started: 接口实战 1-11
2026-09-22 15:33:36,328 INFO o.a.j.t.JMeterThread: Thread started: 接口实战 1-12
2026-09-22 15:33:36,338 INFO o.a.j.t.JMeterThread: Thread started: 接口实战 1-13
2026-09-22 15:33:36,347 INFO o.a.j.t.JMeterThread: Thread started: 接口实战 1-14
2026-09-22 15:33:36,358 INFO o.a.j.t.JMeterThread: Thread started: 接口实战 1-15
2026-09-22 15:33:36,366 INFO o.a.j.t.JMeterThread: Thread started: 接口实战 1-16
2026-09-22 15:33:36,377 INFO o.a.j.t.JMeterThread: Thread started: 接口实战 1-17
2026-09-22 15:33:36,388 INFO o.a.j.t.JMeterThread: Thread started: 接口实战 1-18
2026-09-22 15:33:36,398 INFO o.a.j.t.JMeterThread: Thread started: 接口实战 1-19
2026-09-22 15:33:36,407 INFO o.a.j.t.JMeterThread: Thread started: 接口实战 1-20
2026-09-22 15:33:36,417 INFO o.a.j.t.JMeterThread: Thread started: 接口实战 1-21
2026-09-22 15:33:36,428 INFO o.a.j.t.JMeterThread: Thread started: 接口实战 1-22
2026-09-22 15:33:36,438 INFO o.a.j.t.JMeterThread: Thread started: 接口实战 1-23
2026-09-22 15:33:36,448 INFO o.a.j.t.JMeterThread: Thread started: 接口实战 1-24
2026-09-22 15:33:36,458 INFO o.a.j.t.JMeterThread: Thread started: 接口实战 1-25
2026-09-22 15:33:36,467 INFO o.a.j.t.JMeterThread: Thread started: 接口实战 1-26
2026-09-22 15:33:36,477 INFO o.a.j.t.JMeterThread: Thread started: 接口实战 1-27
2026-09-22 15:33:36,488 INFO o.a.j.t.JMeterThread: Thread started: 接口实战 1-28
2026-09-22 15:33:36,498 INFO o.a.j.t.JMeterThread: Thread started: 接口实战 1-29
2026-09-22 15:33:36,508 INFO o.a.j.t.JMeterThread: Thread started: 接口实战 1-30
2026-09-22 15:33:36,518 INFO o.a.j.t.JMeterThread: Thread started: 接口实战 1-31
2026-09-22 15:33:36,528 INFO o.a.j.t.JMeterThread: Thread started: 接口实战 1-32
2026-09-22 15:33:36,537 INFO o.a.j.t.JMeterThread: Thread started: 接口实战 1-33
2026-09-22 15:33:36,548 INFO o.a.j.t.JMeterThread: Thread started: 接口实战 1-34
2026-09-22 15:33:36,558 INFO o.a.j.t.JMeterThread: Thread started: 接口实战 1-35
2026-09-22 15:33:36,567 INFO o.a.j.t.JMeterThread: Thread started: 接口实战 1-36
2026-09-22 15:33:36,578 INFO o.a.j.t.JMeterThread: Thread started: 接口实战 1-37
2026-09-22 15:33:36,588 INFO o.a.j.t.JMeterThread: Thread started: 接口实战 1-38
2026-09-22 15:33:36,598 INFO o.a.j.t.JMeterThread: Thread started: 接口实战 1-39
2026-09-22 15:33:36,608 INFO o.a.j.t.JMeterThread: Thread started: 接口实战 1-40
2026-09-22 15:33:36,618 INFO o.a.j.t.JMeterThread: Thread started: 接口实战 1-41
2026-09-22 15:33:36,628 INFO o.a.j.t.JMeterThread: Thread started: 接口实战 1-42
2026-09-22 15:33:36,639 INFO o.a.j.t.JMeterThread: Thread started: 接口实战 1-43
2026-09-22 15:33:36,649 INFO o.a.j.t.JMeterThread: Thread started: 接口实战 1-44
2026-09-22 15:33:36,658 INFO o.a.j.t.JMeterThread: Thread started: 接口实战 1-45
2026-09-22 15:33:36,668 INFO o.a.j.t.JMeterThread: Thread started: 接口实战 1-46
2026-09-22 15:33:36,678 INFO o.a.j.t.JMeterThread: Thread started: 接口实战 1-47
2026-09-22 15:33:36,688 INFO o.a.j.t.JMeterThread: Thread started: 接口实战 1-48
2026-09-22 15:33:36,697 INFO o.a.j.t.JMeterThread: Thread started: 接口实战 1-49
2026-09-22 15:33:36,707 INFO o.a.j.t.JMeterThread: Thread started: 接口实战 1-50
2026-09-22 15:33:36,717 INFO o.a.j.t.JMeterThread: Thread started: 接口实战 1-51
2026-09-22 15:33:36,727 INFO o.a.j.t.JMeterThread: Thread started: 接口实战 1-52
2026-09-22 15:33:36,736 INFO o.a.j.t.JMeterThread: Thread started: 接口实战 1-53
2026-09-22 15:33:36,748 INFO o.a.j.t.JMeterThread: Thread started: 接口实战 1-54
2026-09-22 15:33:36,758 INFO o.a.j.t.JMeterThread: Thread started: 接口实战 1-55
2026-09-22 15:33:36,768 INFO o.a.j.t.JMeterThread: Thread started: 接口实战 1-56
2026-09-22 15:33:36,777 INFO o.a.j.t.JMeterThread: Thread started: 接口实战 1-57
2026-09-22 15:33:36,787 INFO o.a.j.t.JMeterThread: Thread started: 接口实战 1-58
2026-09-22 15:33:36,799 INFO o.a.j.t.JMeterThread: Thread started: 接口实战 1-59
2026-09-22 15:33:36,807 INFO o.a.j.t.JMeterThread: Thread started: 接口实战 1-60
2026-09-22 15:33:36,818 INFO o.a.j.t.JMeterThread: Thread started: 接口实战 1-61
2026-09-22 15:33:36,828 INFO o.a.j.t.JMeterThread: Thread started: 接口实战 1-62
2026-09-22 15:33:36,837 INFO o.a.j.t.JMeterThread: Thread started: 接口实战 1-63
2026-09-22 15:33:36,848 INFO o.a.j.t.JMeterThread: Thread started: 接口实战 1-64
2026-09-22 15:33:36,858 INFO o.a.j.t.JMeterThread: Thread started: 接口实战 1-65
2026-09-22 15:33:36,867 INFO o.a.j.t.JMeterThread: Thread started: 接口实战 1-66
2026-09-22 15:33:36,877 INFO o.a.j.t.JMeterThread: Thread started: 接口实战 1-67
2026-09-22 15:33:36,887 INFO o.a.j.t.JMeterThread: Thread started: 接口实战 1-68
2026-09-22 15:33:36,897 INFO o.a.j.t.JMeterThread: Thread started: 接口实战 1-69
2026-09-22 15:33:36,908 INFO o.a.j.t.JMeterThread: Thread started: 接口实战 1-70
2026-09-22 15:33:36,917 INFO o.a.j.t.JMeterThread: Thread started: 接口实战 1-71
2026-09-22 15:33:36,929 INFO o.a.j.t.JMeterThread: Thread started: 接口实战 1-72
2026-09-22 15:33:36,938 INFO o.a.j.t.JMeterThread: Thread started: 接口实战 1-73
2026-09-22 15:33:36,948 INFO o.a.j.t.JMeterThread: Thread started: 接口实战 1-74
2026-09-22 15:33:36,959 INFO o.a.j.t.JMeterThread: Thread started: 接口实战 1-75
2026-09-22 15:33:36,969 INFO o.a.j.t.JMeterThread: Thread started: 接口实战 1-76
2026-09-22 15:33:36,978 INFO o.a.j.t.JMeterThread: Thread started: 接口实战 1-77
2026-09-22 15:33:36,987 INFO o.a.j.t.JMeterThread: Thread started: 接口实战 1-78
2026-09-22 15:33:36,998 INFO o.a.j.t.JMeterThread: Thread started: 接口实战 1-79
2026-09-22 15:33:37,009 INFO o.a.j.t.JMeterThread: Thread started: 接口实战 1-80
2026-09-22 15:33:37,017 INFO o.a.j.t.JMeterThread: Thread started: 接口实战 1-81
2026-09-22 15:33:37,035 INFO o.a.j.t.JMeterThread: Thread started: 接口实战 1-82
2026-09-22 15:33:37,039 INFO o.a.j.t.JMeterThread: Thread started: 接口实战 1-83
2026-09-22 15:33:37,048 INFO o.a.j.t.JMeterThread: Thread started: 接口实战 1-84
2026-09-22 15:33:37,057 INFO o.a.j.t.JMeterThread: Thread started: 接口实战 1-85
2026-09-22 15:33:37,067 INFO o.a.j.t.JMeterThread: Thread started: 接口实战 1-86
2026-09-22 15:33:37,078 INFO o.a.j.t.JMeterThread: Thread started: 接口实战 1-87
2026-09-22 15:33:37,088 INFO o.a.j.t.JMeterThread: Thread started: 接口实战 1-88
2026-09-22 15:33:37,097 INFO o.a.j.t.JMeterThread: Thread started: 接口实战 1-89
2026-09-22 15:33:37,108 INFO o.a.j.t.JMeterThread: Thread started: 接口实战 1-90
2026-09-22 15:33:37,119 INFO o.a.j.t.JMeterThread: Thread started: 接口实战 1-91
2026-09-22 15:33:37,128 INFO o.a.j.t.JMeterThread: Thread started: 接口实战 1-92
2026-09-22 15:33:37,139 INFO o.a.j.t.JMeterThread: Thread started: 接口实战 1-93
2026-09-22 15:33:37,149 INFO o.a.j.t.JMeterThread: Thread started: 接口实战 1-94
2026-09-22 15:33:37,158 INFO o.a.j.t.JMeterThread: Thread started: 接口实战 1-95
2026-09-22 15:33:37,168 INFO o.a.j.t.JMeterThread: Thread started: 接口实战 1-96
2026-09-22 15:33:37,178 INFO o.a.j.t.JMeterThread: Thread started: 接口实战 1-97
2026-09-22 15:33:37,189 INFO o.a.j.t.JMeterThread: Thread started: 接口实战 1-98
2026-09-22 15:33:37,199 INFO o.a.j.t.JMeterThread: Thread started: 接口实战 1-99
2026-09-22 15:33:37,208 INFO o.a.j.t.JMeterThread: Thread started: 接口实战 1-100
2026-09-22 15:33:37,218 INFO o.a.j.t.JMeterThread: Thread started: 接口实战 1-101
2026-09-22 15:33:37,227 INFO o.a.j.t.JMeterThread: Thread started: 接口实战 1-102
2026-09-22 15:33:37,239 INFO o.a.j.t.JMeterThread: Thread started: 接口实战 1-103
2026-09-22 15:33:37,248 INFO o.a.j.t.JMeterThread: Thread started: 接口实战 1-104
2026-09-22 15:33:37,257 INFO o.a.j.t.JMeterThread: Thread started: 接口实战 1-105
2026-09-22 15:33:37,267 INFO o.a.j.t.JMeterThread: Thread started: 接口实战 1-106
2026-09-22 15:33:37,277 INFO o.a.j.t.JMeterThread: Thread started: 接口实战 1-107
2026-09-22 15:33:37,286 INFO o.a.j.t.JMeterThread: Thread started: 接口实战 1-108
2026-09-22 15:33:37,297 INFO o.a.j.t.JMeterThread: Thread started: 接口实战 1-109
2026-09-22 15:33:37,308 INFO o.a.j.t.JMeterThread: Thread started: 接口实战 1-110
2026-09-22 15:33:37,318 INFO o.a.j.t.JMeterThread: Thread started: 接口实战 1-111
2026-09-22 15:33:37,328 INFO o.a.j.t.JMeterThread: Thread started: 接口实战 1-112
2026-09-22 15:33:37,338 INFO o.a.j.t.JMeterThread: Thread started: 接口实战 1-113
2026-09-22 15:33:37,349 INFO o.a.j.t.JMeterThread: Thread started: 接口实战 1-114
2026-09-22 15:33:37,359 INFO o.a.j.t.JMeterThread: Thread started: 接口实战 1-115
2026-09-22 15:33:37,367 INFO o.a.j.t.JMeterThread: Thread started: 接口实战 1-116
2026-09-22 15:33:37,377 INFO o.a.j.t.JMeterThread: Thread started: 接口实战 1-117
2026-09-22 15:33:37,389 INFO o.a.j.t.JMeterThread: Thread started: 接口实战 1-118
2026-09-22 15:33:37,396 INFO o.a.j.t.JMeterThread: Thread started: 接口实战 1-119
2026-09-22 15:33:37,406 INFO o.a.j.t.JMeterThread: Thread started: 接口实战 1-120
2026-09-22 15:33:37,416 INFO o.a.j.t.JMeterThread: Thread started: 接口实战 1-121
2026-09-22 15:33:37,429 INFO o.a.j.t.JMeterThread: Thread started: 接口实战 1-122
2026-09-22 15:33:37,439 INFO o.a.j.t.JMeterThread: Thread started: 接口实战 1-123
2026-09-22 15:33:37,447 INFO o.a.j.t.JMeterThread: Thread started: 接口实战 1-124
2026-09-22 15:33:37,456 INFO o.a.j.t.JMeterThread: Thread started: 接口实战 1-125
2026-09-22 15:33:37,468 INFO o.a.j.t.JMeterThread: Thread started: 接口实战 1-126
2026-09-22 15:33:37,478 INFO o.a.j.t.JMeterThread: Thread started: 接口实战 1-127
2026-09-22 15:33:37,488 INFO o.a.j.t.JMeterThread: Thread started: 接口实战 1-128
2026-09-22 15:33:37,496 INFO o.a.j.t.JMeterThread: Thread started: 接口实战 1-129
2026-09-22 15:33:37,506 INFO o.a.j.t.JMeterThread: Thread started: 接口实战 1-130
2026-09-22 15:33:37,518 INFO o.a.j.t.JMeterThread: Thread started: 接口实战 1-131
2026-09-22 15:33:37,528 INFO o.a.j.t.JMeterThread: Thread started: 接口实战 1-132
2026-09-22 15:33:37,537 INFO o.a.j.t.JMeterThread: Thread started: 接口实战 1-133
2026-09-22 15:33:37,548 INFO o.a.j.t.JMeterThread: Thread started: 接口实战 1-134
2026-09-22 15:33:37,557 INFO o.a.j.t.JMeterThread: Thread started: 接口实战 1-135
2026-09-22 15:33:37,566 INFO o.a.j.t.JMeterThread: Thread started: 接口实战 1-136
2026-09-22 15:33:37,579 INFO o.a.j.t.JMeterThread: Thread started: 接口实战 1-137
2026-09-22 15:33:37,588 INFO o.a.j.t.JMeterThread: Thread started: 接口实战 1-138
2026-09-22 15:33:37,597 INFO o.a.j.t.JMeterThread: Thread started: 接口实战 1-139
2026-09-22 15:33:37,607 INFO o.a.j.t.JMeterThread: Thread started: 接口实战 1-140
2026-09-22 15:33:37,617 INFO o.a.j.t.JMeterThread: Thread started: 接口实战 1-141
2026-09-22 15:33:37,626 INFO o.a.j.t.JMeterThread: Thread started: 接口实战 1-142
2026-09-22 15:33:37,637 INFO o.a.j.t.JMeterThread: Thread started: 接口实战 1-143
2026-09-22 15:33:37,648 INFO o.a.j.t.JMeterThread: Thread started: 接口实战 1-144
2026-09-22 15:33:37,657 INFO o.a.j.t.JMeterThread: Thread started: 接口实战 1-145
2026-09-22 15:33:37,668 INFO o.a.j.t.JMeterThread: Thread started: 接口实战 1-146
2026-09-22 15:33:37,677 INFO o.a.j.t.JMeterThread: Thread started: 接口实战 1-147
2026-09-22 15:33:37,687 INFO o.a.j.t.JMeterThread: Thread started: 接口实战 1-148
2026-09-22 15:33:37,698 INFO o.a.j.t.JMeterThread: Thread started: 接口实战 1-149
2026-09-22 15:33:37,707 INFO o.a.j.t.JMeterThread: Thread started: 接口实战 1-150
2026-09-22 15:33:37,718 INFO o.a.j.t.JMeterThread: Thread started: 接口实战 1-151
2026-09-22 15:33:37,728 INFO o.a.j.t.JMeterThread: Thread started: 接口实战 1-152
2026-09-22 15:33:37,737 INFO o.a.j.t.JMeterThread: Thread started: 接口实战 1-153
2026-09-22 15:33:37,748 INFO o.a.j.t.JMeterThread: Thread started: 接口实战 1-154
2026-09-22 15:33:37,757 INFO o.a.j.t.JMeterThread: Thread started: 接口实战 1-155
2026-09-22 15:33:37,768 INFO o.a.j.t.JMeterThread: Thread started: 接口实战 1-156
2026-09-22 15:33:37,777 INFO o.a.j.t.JMeterThread: Thread started: 接口实战 1-157
2026-09-22 15:33:37,788 INFO o.a.j.t.JMeterThread: Thread started: 接口实战 1-158
2026-09-22 15:33:37,798 INFO o.a.j.t.JMeterThread: Thread started: 接口实战 1-159
2026-09-22 15:33:37,809 INFO o.a.j.t.JMeterThread: Thread started: 接口实战 1-160
2026-09-22 15:33:37,817 INFO o.a.j.t.JMeterThread: Thread started: 接口实战 1-161
2026-09-22 15:33:37,827 INFO o.a.j.t.JMeterThread: Thread started: 接口实战 1-162
2026-09-22 15:33:37,837 INFO o.a.j.t.JMeterThread: Thread started: 接口实战 1-163
2026-09-22 15:33:37,848 INFO o.a.j.t.JMeterThread: Thread started: 接口实战 1-164
2026-09-22 15:33:37,857 INFO o.a.j.t.JMeterThread: Thread started: 接口实战 1-165
2026-09-22 15:33:37,868 INFO o.a.j.t.JMeterThread: Thread started: 接口实战 1-166
2026-09-22 15:33:37,878 INFO o.a.j.t.JMeterThread: Thread started: 接口实战 1-167
2026-09-22 15:33:37,886 INFO o.a.j.t.JMeterThread: Thread started: 接口实战 1-168
2026-09-22 15:33:37,897 INFO o.a.j.t.JMeterThread: Thread started: 接口实战 1-169
2026-09-22 15:33:37,908 INFO o.a.j.t.JMeterThread: Thread started: 接口实战 1-170
2026-09-22 15:33:37,918 INFO o.a.j.t.JMeterThread: Thread started: 接口实战 1-171
2026-09-22 15:33:37,926 INFO o.a.j.t.JMeterThread: Thread started: 接口实战 1-172
2026-09-22 15:33:37,936 INFO o.a.j.t.JMeterThread: Thread started: 接口实战 1-173
2026-09-22 15:33:37,947 INFO o.a.j.t.JMeterThread: Thread started: 接口实战 1-174
2026-09-22 15:33:37,957 INFO o.a.j.t.JMeterThread: Thread started: 接口实战 1-175
2026-09-22 15:33:37,967 INFO o.a.j.t.JMeterThread: Thread started: 接口实战 1-176
2026-09-22 15:33:37,976 INFO o.a.j.t.JMeterThread: Thread started: 接口实战 1-177
2026-09-22 15:33:37,987 INFO o.a.j.t.JMeterThread: Thread started: 接口实战 1-178
2026-09-22 15:33:37,997 INFO o.a.j.t.JMeterThread: Thread started: 接口实战 1-179
2026-09-22 15:33:38,007 INFO o.a.j.t.JMeterThread: Thread started: 接口实战 1-180
2026-09-22 15:33:38,017 INFO o.a.j.t.JMeterThread: Thread started: 接口实战 1-181
2026-09-22 15:33:38,028 INFO o.a.j.t.JMeterThread: Thread started: 接口实战 1-182
2026-09-22 15:33:38,036 INFO o.a.j.t.JMeterThread: Thread started: 接口实战 1-183
2026-09-22 15:33:38,046 INFO o.a.j.t.JMeterThread: Thread started: 接口实战 1-184
2026-09-22 15:33:38,058 INFO o.a.j.t.JMeterThread: Thread started: 接口实战 1-185
2026-09-22 15:33:38,067 INFO o.a.j.t.JMeterThread: Thread started: 接口实战 1-186
2026-09-22 15:33:38,077 INFO o.a.j.t.JMeterThread: Thread started: 接口实战 1-187
2026-09-22 15:33:38,087 INFO o.a.j.t.JMeterThread: Thread started: 接口实战 1-188
2026-09-22 15:33:38,099 INFO o.a.j.t.JMeterThread: Thread started: 接口实战 1-189
2026-09-22 15:33:38,106 INFO o.a.j.t.JMeterThread: Thread started: 接口实战 1-190
2026-09-22 15:33:38,117 INFO o.a.j.t.JMeterThread: Thread started: 接口实战 1-191
2026-09-22 15:33:38,127 INFO o.a.j.t.JMeterThread: Thread started: 接口实战 1-192
2026-09-22 15:33:38,138 INFO o.a.j.t.JMeterThread: Thread started: 接口实战 1-193
2026-09-22 15:33:38,147 INFO o.a.j.t.JMeterThread: Thread started: 接口实战 1-194
2026-09-22 15:33:38,156 INFO o.a.j.t.JMeterThread: Thread started: 接口实战 1-195
2026-09-22 15:33:38,167 INFO o.a.j.t.JMeterThread: Thread started: 接口实战 1-196
2026-09-22 15:33:38,178 INFO o.a.j.t.JMeterThread: Thread started: 接口实战 1-197
2026-09-22 15:33:38,186 INFO o.a.j.t.JMeterThread: Thread started: 接口实战 1-198
2026-09-22 15:33:38,196 INFO o.a.j.t.JMeterThread: Thread started: 接口实战 1-199
2026-09-22 15:33:38,208 INFO o.a.j.t.JMeterThread: Thread started: 接口实战 1-200
2026-09-22 15:34:00,028 INFO o.a.j.r.Summariser: summary +   2759 in 00:00:24 =  115.8/s Avg:  1553 Min:   215 Max: 16894 Err:     0 (0.00%) Active: 200 Started: 200 Finished: 0
2026-09-22 15:34:01,096 INFO o.a.j.t.JMeterThread: Thread is done: 接口实战 1-18
2026-09-22 15:34:01,096 INFO o.a.j.t.JMeterThread: Thread finished: 接口实战 1-18
2026-09-22 15:34:01,291 INFO o.a.j.t.JMeterThread: Thread is done: 接口实战 1-30
2026-09-22 15:34:01,292 INFO o.a.j.t.JMeterThread: Thread finished: 接口实战 1-30
2026-09-22 15:34:01,517 INFO o.a.j.t.JMeterThread: Thread is done: 接口实战 1-3
2026-09-22 15:34:01,517 INFO o.a.j.t.JMeterThread: Thread finished: 接口实战 1-3
2026-09-22 15:34:01,640 INFO o.a.j.t.JMeterThread: Thread is done: 接口实战 1-36
2026-09-22 15:34:01,640 INFO o.a.j.t.JMeterThread: Thread finished: 接口实战 1-36
2026-09-22 15:34:01,895 INFO o.a.j.t.JMeterThread: Thread is done: 接口实战 1-65
2026-09-22 15:34:01,895 INFO o.a.j.t.JMeterThread: Thread finished: 接口实战 1-65
2026-09-22 15:34:02,228 INFO o.a.j.t.JMeterThread: Thread is done: 接口实战 1-7
2026-09-22 15:34:02,228 INFO o.a.j.t.JMeterThread: Thread finished: 接口实战 1-7
2026-09-22 15:34:02,374 INFO o.a.j.t.JMeterThread: Thread is done: 接口实战 1-8
2026-09-22 15:34:02,374 INFO o.a.j.t.JMeterThread: Thread finished: 接口实战 1-8
2026-09-22 15:34:02,567 INFO o.a.j.t.JMeterThread: Thread is done: 接口实战 1-59
2026-09-22 15:34:02,568 INFO o.a.j.t.JMeterThread: Thread finished: 接口实战 1-59
2026-09-22 15:34:02,842 INFO o.a.j.t.JMeterThread: Thread is done: 接口实战 1-31
2026-09-22 15:34:02,842 INFO o.a.j.t.JMeterThread: Thread finished: 接口实战 1-31
2026-09-22 15:34:02,852 INFO o.a.j.t.JMeterThread: Thread is done: 接口实战 1-23
2026-09-22 15:34:02,852 INFO o.a.j.t.JMeterThread: Thread finished: 接口实战 1-23
2026-09-22 15:34:03,275 INFO o.a.j.t.JMeterThread: Thread is done: 接口实战 1-46
2026-09-22 15:34:03,275 INFO o.a.j.t.JMeterThread: Thread finished: 接口实战 1-46
2026-09-22 15:34:03,433 INFO o.a.j.t.JMeterThread: Thread is done: 接口实战 1-13
2026-09-22 15:34:03,433 INFO o.a.j.t.JMeterThread: Thread finished: 接口实战 1-13
2026-09-22 15:34:03,556 INFO o.a.j.t.JMeterThread: Thread is done: 接口实战 1-54
2026-09-22 15:34:03,556 INFO o.a.j.t.JMeterThread: Thread finished: 接口实战 1-54
2026-09-22 15:34:03,678 INFO o.a.j.t.JMeterThread: Thread is done: 接口实战 1-42
2026-09-22 15:34:03,678 INFO o.a.j.t.JMeterThread: Thread finished: 接口实战 1-42
2026-09-22 15:34:04,013 INFO o.a.j.t.JMeterThread: Thread is done: 接口实战 1-47
2026-09-22 15:34:04,014 INFO o.a.j.t.JMeterThread: Thread finished: 接口实战 1-47
2026-09-22 15:34:04,026 INFO o.a.j.t.JMeterThread: Thread is done: 接口实战 1-93
2026-09-22 15:34:04,026 INFO o.a.j.t.JMeterThread: Thread finished: 接口实战 1-93
2026-09-22 15:34:04,089 INFO o.a.j.t.JMeterThread: Thread is done: 接口实战 1-183
2026-09-22 15:34:04,089 INFO o.a.j.t.JMeterThread: Thread finished: 接口实战 1-183
2026-09-22 15:34:04,371 INFO o.a.j.t.JMeterThread: Thread is done: 接口实战 1-98
2026-09-22 15:34:04,371 INFO o.a.j.t.JMeterThread: Thread finished: 接口实战 1-98
2026-09-22 15:34:04,418 INFO o.a.j.t.JMeterThread: Thread is done: 接口实战 1-64
2026-09-22 15:34:04,418 INFO o.a.j.t.JMeterThread: Thread finished: 接口实战 1-64
2026-09-22 15:34:04,437 INFO o.a.j.t.JMeterThread: Thread is done: 接口实战 1-32
2026-09-22 15:34:04,437 INFO o.a.j.t.JMeterThread: Thread finished: 接口实战 1-32
2026-09-22 15:34:04,540 INFO o.a.j.t.JMeterThread: Thread is done: 接口实战 1-76
2026-09-22 15:34:04,540 INFO o.a.j.t.JMeterThread: Thread finished: 接口实战 1-76
2026-09-22 15:34:04,887 INFO o.a.j.t.JMeterThread: Thread is done: 接口实战 1-35
2026-09-22 15:34:04,887 INFO o.a.j.t.JMeterThread: Thread is done: 接口实战 1-130
2026-09-22 15:34:04,887 INFO o.a.j.t.JMeterThread: Thread finished: 接口实战 1-35
2026-09-22 15:34:04,887 INFO o.a.j.t.JMeterThread: Thread finished: 接口实战 1-130
2026-09-22 15:34:04,971 INFO o.a.j.t.JMeterThread: Thread is done: 接口实战 1-48
2026-09-22 15:34:04,971 INFO o.a.j.t.JMeterThread: Thread finished: 接口实战 1-48
2026-09-22 15:34:05,004 INFO o.a.j.t.JMeterThread: Thread is done: 接口实战 1-15
2026-09-22 15:34:05,004 INFO o.a.j.t.JMeterThread: Thread is done: 接口实战 1-63
2026-09-22 15:34:05,005 INFO o.a.j.t.JMeterThread: Thread finished: 接口实战 1-15
2026-09-22 15:34:05,005 INFO o.a.j.t.JMeterThread: Thread finished: 接口实战 1-63
2026-09-22 15:34:05,063 INFO o.a.j.t.JMeterThread: Thread is done: 接口实战 1-34
2026-09-22 15:34:05,063 INFO o.a.j.t.JMeterThread: Thread finished: 接口实战 1-34
2026-09-22 15:34:05,114 INFO o.a.j.t.JMeterThread: Thread is done: 接口实战 1-19
2026-09-22 15:34:05,114 INFO o.a.j.t.JMeterThread: Thread finished: 接口实战 1-19
2026-09-22 15:34:05,158 INFO o.a.j.t.JMeterThread: Thread is done: 接口实战 1-17
2026-09-22 15:34:05,158 INFO o.a.j.t.JMeterThread: Thread finished: 接口实战 1-17
2026-09-22 15:34:05,164 INFO o.a.j.t.JMeterThread: Thread is done: 接口实战 1-2
2026-09-22 15:34:05,166 INFO o.a.j.t.JMeterThread: Thread finished: 接口实战 1-2
2026-09-22 15:34:05,276 INFO o.a.j.t.JMeterThread: Thread is done: 接口实战 1-124
2026-09-22 15:34:05,276 INFO o.a.j.t.JMeterThread: Thread finished: 接口实战 1-124
2026-09-22 15:34:05,276 INFO o.a.j.t.JMeterThread: Thread is done: 接口实战 1-40
2026-09-22 15:34:05,276 INFO o.a.j.t.JMeterThread: Thread finished: 接口实战 1-40
2026-09-22 15:34:05,336 INFO o.a.j.t.JMeterThread: Thread is done: 接口实战 1-51
2026-09-22 15:34:05,336 INFO o.a.j.t.JMeterThread: Thread finished: 接口实战 1-51
2026-09-22 15:34:05,368 INFO o.a.j.t.JMeterThread: Thread is done: 接口实战 1-70
2026-09-22 15:34:05,368 INFO o.a.j.t.JMeterThread: Thread finished: 接口实战 1-70
2026-09-22 15:34:05,566 INFO o.a.j.t.JMeterThread: Thread is done: 接口实战 1-45
2026-09-22 15:34:05,566 INFO o.a.j.t.JMeterThread: Thread finished: 接口实战 1-45
2026-09-22 15:34:05,634 INFO o.a.j.t.JMeterThread: Thread is done: 接口实战 1-62
2026-09-22 15:34:05,634 INFO o.a.j.t.JMeterThread: Thread finished: 接口实战 1-62
2026-09-22 15:34:05,663 INFO o.a.j.t.JMeterThread: Thread is done: 接口实战 1-38
2026-09-22 15:34:05,663 INFO o.a.j.t.JMeterThread: Thread finished: 接口实战 1-38
2026-09-22 15:34:05,768 INFO o.a.j.t.JMeterThread: Thread is done: 接口实战 1-60
2026-09-22 15:34:05,769 INFO o.a.j.t.JMeterThread: Thread finished: 接口实战 1-60
2026-09-22 15:34:05,773 INFO o.a.j.t.JMeterThread: Thread is done: 接口实战 1-52
2026-09-22 15:34:05,773 INFO o.a.j.t.JMeterThread: Thread finished: 接口实战 1-52
2026-09-22 15:34:05,789 INFO o.a.j.t.JMeterThread: Thread is done: 接口实战 1-138
2026-09-22 15:34:05,789 INFO o.a.j.t.JMeterThread: Thread finished: 接口实战 1-138
2026-09-22 15:34:05,791 INFO o.a.j.t.JMeterThread: Thread is done: 接口实战 1-141
2026-09-22 15:34:05,791 INFO o.a.j.t.JMeterThread: Thread finished: 接口实战 1-141
2026-09-22 15:34:05,819 INFO o.a.j.t.JMeterThread: Thread is done: 接口实战 1-90
2026-09-22 15:34:05,820 INFO o.a.j.t.JMeterThread: Thread finished: 接口实战 1-90
2026-09-22 15:34:05,870 INFO o.a.j.t.JMeterThread: Thread is done: 接口实战 1-53
2026-09-22 15:34:05,870 INFO o.a.j.t.JMeterThread: Thread finished: 接口实战 1-53
2026-09-22 15:34:06,008 INFO o.a.j.t.JMeterThread: Thread is done: 接口实战 1-37
2026-09-22 15:34:06,008 INFO o.a.j.t.JMeterThread: Thread finished: 接口实战 1-37
2026-09-22 15:34:06,038 INFO o.a.j.t.JMeterThread: Thread is done: 接口实战 1-88
2026-09-22 15:34:06,038 INFO o.a.j.t.JMeterThread: Thread finished: 接口实战 1-88
2026-09-22 15:34:06,059 INFO o.a.j.t.JMeterThread: Thread is done: 接口实战 1-155
2026-09-22 15:34:06,059 INFO o.a.j.t.JMeterThread: Thread finished: 接口实战 1-155
2026-09-22 15:34:06,168 INFO o.a.j.t.JMeterThread: Thread is done: 接口实战 1-1
2026-09-22 15:34:06,168 INFO o.a.j.t.JMeterThread: Thread finished: 接口实战 1-1
2026-09-22 15:34:06,175 INFO o.a.j.t.JMeterThread: Thread is done: 接口实战 1-68
2026-09-22 15:34:06,175 INFO o.a.j.t.JMeterThread: Thread finished: 接口实战 1-68
2026-09-22 15:34:06,188 INFO o.a.j.t.JMeterThread: Thread is done: 接口实战 1-22
2026-09-22 15:34:06,188 INFO o.a.j.t.JMeterThread: Thread finished: 接口实战 1-22
2026-09-22 15:34:06,227 INFO o.a.j.t.JMeterThread: Thread is done: 接口实战 1-26
2026-09-22 15:34:06,227 INFO o.a.j.t.JMeterThread: Thread finished: 接口实战 1-26
2026-09-22 15:34:06,273 INFO o.a.j.t.JMeterThread: Thread is done: 接口实战 1-33
2026-09-22 15:34:06,273 INFO o.a.j.t.JMeterThread: Thread finished: 接口实战 1-33
2026-09-22 15:34:06,337 INFO o.a.j.t.JMeterThread: Thread is done: 接口实战 1-159
2026-09-22 15:34:06,337 INFO o.a.j.t.JMeterThread: Thread finished: 接口实战 1-159
2026-09-22 15:34:06,539 INFO o.a.j.t.JMeterThread: Thread is done: 接口实战 1-4
2026-09-22 15:34:06,539 INFO o.a.j.t.JMeterThread: Thread is done: 接口实战 1-25
2026-09-22 15:34:06,539 INFO o.a.j.t.JMeterThread: Thread finished: 接口实战 1-4
2026-09-22 15:34:06,539 INFO o.a.j.t.JMeterThread: Thread finished: 接口实战 1-25
2026-09-22 15:34:06,550 INFO o.a.j.t.JMeterThread: Thread is done: 接口实战 1-118
2026-09-22 15:34:06,550 INFO o.a.j.t.JMeterThread: Thread finished: 接口实战 1-118
2026-09-22 15:34:06,608 INFO o.a.j.t.JMeterThread: Thread is done: 接口实战 1-44
2026-09-22 15:34:06,608 INFO o.a.j.t.JMeterThread: Thread finished: 接口实战 1-44
2026-09-22 15:34:06,691 INFO o.a.j.t.JMeterThread: Thread is done: 接口实战 1-50
2026-09-22 15:34:06,693 INFO o.a.j.t.JMeterThread: Thread finished: 接口实战 1-50
2026-09-22 15:34:06,732 INFO o.a.j.t.JMeterThread: Thread is done: 接口实战 1-49
2026-09-22 15:34:06,732 INFO o.a.j.t.JMeterThread: Thread finished: 接口实战 1-49
2026-09-22 15:34:06,800 INFO o.a.j.t.JMeterThread: Thread is done: 接口实战 1-133
2026-09-22 15:34:06,800 INFO o.a.j.t.JMeterThread: Thread finished: 接口实战 1-133
2026-09-22 15:34:06,864 INFO o.a.j.t.JMeterThread: Thread is done: 接口实战 1-75
2026-09-22 15:34:06,864 INFO o.a.j.t.JMeterThread: Thread finished: 接口实战 1-75
2026-09-22 15:34:06,892 INFO o.a.j.t.JMeterThread: Thread is done: 接口实战 1-67
2026-09-22 15:34:06,892 INFO o.a.j.t.JMeterThread: Thread finished: 接口实战 1-67
2026-09-22 15:34:06,978 INFO o.a.j.t.JMeterThread: Thread is done: 接口实战 1-71
2026-09-22 15:34:06,978 INFO o.a.j.t.JMeterThread: Thread is done: 接口实战 1-69
2026-09-22 15:34:06,978 INFO o.a.j.t.JMeterThread: Thread finished: 接口实战 1-71
2026-09-22 15:34:06,978 INFO o.a.j.t.JMeterThread: Thread is done: 接口实战 1-14
2026-09-22 15:34:06,978 INFO o.a.j.t.JMeterThread: Thread finished: 接口实战 1-14
2026-09-22 15:34:06,978 INFO o.a.j.t.JMeterThread: Thread finished: 接口实战 1-69
2026-09-22 15:34:06,984 INFO o.a.j.t.JMeterThread: Thread is done: 接口实战 1-43
2026-09-22 15:34:06,984 INFO o.a.j.t.JMeterThread: Thread finished: 接口实战 1-43
2026-09-22 15:34:07,094 INFO o.a.j.t.JMeterThread: Thread is done: 接口实战 1-114
2026-09-22 15:34:07,094 INFO o.a.j.t.JMeterThread: Thread is done: 接口实战 1-12
2026-09-22 15:34:07,094 INFO o.a.j.t.JMeterThread: Thread finished: 接口实战 1-114
2026-09-22 15:34:07,094 INFO o.a.j.t.JMeterThread: Thread is done: 接口实战 1-86
2026-09-22 15:34:07,094 INFO o.a.j.t.JMeterThread: Thread finished: 接口实战 1-12
2026-09-22 15:34:07,094 INFO o.a.j.t.JMeterThread: Thread finished: 接口实战 1-86
2026-09-22 15:34:07,171 INFO o.a.j.t.JMeterThread: Thread is done: 接口实战 1-101
2026-09-22 15:34:07,171 INFO o.a.j.t.JMeterThread: Thread finished: 接口实战 1-101
2026-09-22 15:34:07,171 INFO o.a.j.t.JMeterThread: Thread is done: 接口实战 1-74
2026-09-22 15:34:07,172 INFO o.a.j.t.JMeterThread: Thread finished: 接口实战 1-74
2026-09-22 15:34:07,173 INFO o.a.j.t.JMeterThread: Thread is done: 接口实战 1-56
2026-09-22 15:34:07,173 INFO o.a.j.t.JMeterThread: Thread finished: 接口实战 1-56
2026-09-22 15:34:07,303 INFO o.a.j.t.JMeterThread: Thread is done: 接口实战 1-154
2026-09-22 15:34:07,303 INFO o.a.j.t.JMeterThread: Thread finished: 接口实战 1-154
2026-09-22 15:34:07,335 INFO o.a.j.t.JMeterThread: Thread is done: 接口实战 1-39
2026-09-22 15:34:07,335 INFO o.a.j.t.JMeterThread: Thread finished: 接口实战 1-39
2026-09-22 15:34:07,382 INFO o.a.j.t.JMeterThread: Thread is done: 接口实战 1-5
2026-09-22 15:34:07,382 INFO o.a.j.t.JMeterThread: Thread finished: 接口实战 1-5
2026-09-22 15:34:07,385 INFO o.a.j.t.JMeterThread: Thread is done: 接口实战 1-99
2026-09-22 15:34:07,385 INFO o.a.j.t.JMeterThread: Thread finished: 接口实战 1-99
2026-09-22 15:34:07,471 INFO o.a.j.t.JMeterThread: Thread is done: 接口实战 1-122
2026-09-22 15:34:07,471 INFO o.a.j.t.JMeterThread: Thread finished: 接口实战 1-122
2026-09-22 15:34:07,486 INFO o.a.j.t.JMeterThread: Thread is done: 接口实战 1-185
2026-09-22 15:34:07,486 INFO o.a.j.t.JMeterThread: Thread finished: 接口实战 1-185
2026-09-22 15:34:07,507 INFO o.a.j.t.JMeterThread: Thread is done: 接口实战 1-186
2026-09-22 15:34:07,507 INFO o.a.j.t.JMeterThread: Thread finished: 接口实战 1-186
2026-09-22 15:34:07,610 INFO o.a.j.t.JMeterThread: Thread is done: 接口实战 1-82
2026-09-22 15:34:07,610 INFO o.a.j.t.JMeterThread: Thread finished: 接口实战 1-82
2026-09-22 15:34:07,664 INFO o.a.j.t.JMeterThread: Thread is done: 接口实战 1-180
2026-09-22 15:34:07,664 INFO o.a.j.t.JMeterThread: Thread finished: 接口实战 1-180
2026-09-22 15:34:07,698 INFO o.a.j.t.JMeterThread: Thread is done: 接口实战 1-132
2026-09-22 15:34:07,698 INFO o.a.j.t.JMeterThread: Thread finished: 接口实战 1-132
2026-09-22 15:34:07,718 INFO o.a.j.t.JMeterThread: Thread is done: 接口实战 1-57
2026-09-22 15:34:07,718 INFO o.a.j.t.JMeterThread: Thread is done: 接口实战 1-149
2026-09-22 15:34:07,718 INFO o.a.j.t.JMeterThread: Thread finished: 接口实战 1-57
2026-09-22 15:34:07,718 INFO o.a.j.t.JMeterThread: Thread finished: 接口实战 1-149
2026-09-22 15:34:07,732 INFO o.a.j.t.JMeterThread: Thread is done: 接口实战 1-58
2026-09-22 15:34:07,732 INFO o.a.j.t.JMeterThread: Thread finished: 接口实战 1-58
2026-09-22 15:34:07,738 INFO o.a.j.t.JMeterThread: Thread is done: 接口实战 1-151
2026-09-22 15:34:07,738 INFO o.a.j.t.JMeterThread: Thread finished: 接口实战 1-151
2026-09-22 15:34:07,784 INFO o.a.j.t.JMeterThread: Thread is done: 接口实战 1-172
2026-09-22 15:34:07,785 INFO o.a.j.t.JMeterThread: Thread finished: 接口实战 1-172
2026-09-22 15:34:07,807 INFO o.a.j.t.JMeterThread: Thread is done: 接口实战 1-27
2026-09-22 15:34:07,807 INFO o.a.j.t.JMeterThread: Thread finished: 接口实战 1-27
2026-09-22 15:34:07,822 INFO o.a.j.t.JMeterThread: Thread is done: 接口实战 1-156
2026-09-22 15:34:07,822 INFO o.a.j.t.JMeterThread: Thread finished: 接口实战 1-156
2026-09-22 15:34:07,903 INFO o.a.j.t.JMeterThread: Thread is done: 接口实战 1-163
2026-09-22 15:34:07,903 INFO o.a.j.t.JMeterThread: Thread finished: 接口实战 1-163
2026-09-22 15:34:07,909 INFO o.a.j.t.JMeterThread: Thread is done: 接口实战 1-119
2026-09-22 15:34:07,909 INFO o.a.j.t.JMeterThread: Thread finished: 接口实战 1-119
2026-09-22 15:34:07,909 INFO o.a.j.t.JMeterThread: Thread is done: 接口实战 1-9
2026-09-22 15:34:07,909 INFO o.a.j.t.JMeterThread: Thread finished: 接口实战 1-9
2026-09-22 15:34:07,909 INFO o.a.j.t.JMeterThread: Thread is done: 接口实战 1-112
2026-09-22 15:34:07,910 INFO o.a.j.t.JMeterThread: Thread finished: 接口实战 1-112
2026-09-22 15:34:07,916 INFO o.a.j.t.JMeterThread: Thread is done: 接口实战 1-147
2026-09-22 15:34:07,916 INFO o.a.j.t.JMeterThread: Thread finished: 接口实战 1-147
2026-09-22 15:34:07,916 INFO o.a.j.t.JMeterThread: Thread is done: 接口实战 1-80
2026-09-22 15:34:07,916 INFO o.a.j.t.JMeterThread: Thread finished: 接口实战 1-80
2026-09-22 15:34:07,949 INFO o.a.j.t.JMeterThread: Thread is done: 接口实战 1-190
2026-09-22 15:34:07,949 INFO o.a.j.t.JMeterThread: Thread finished: 接口实战 1-190
2026-09-22 15:34:07,956 INFO o.a.j.t.JMeterThread: Thread is done: 接口实战 1-109
2026-09-22 15:34:07,956 INFO o.a.j.t.JMeterThread: Thread finished: 接口实战 1-109
2026-09-22 15:34:07,967 INFO o.a.j.t.JMeterThread: Thread is done: 接口实战 1-111
2026-09-22 15:34:07,967 INFO o.a.j.t.JMeterThread: Thread finished: 接口实战 1-111
2026-09-22 15:34:08,008 INFO o.a.j.t.JMeterThread: Thread is done: 接口实战 1-85
2026-09-22 15:34:08,008 INFO o.a.j.t.JMeterThread: Thread finished: 接口实战 1-85
2026-09-22 15:34:08,032 INFO o.a.j.t.JMeterThread: Thread is done: 接口实战 1-61
2026-09-22 15:34:08,032 INFO o.a.j.t.JMeterThread: Thread finished: 接口实战 1-61
2026-09-22 15:34:08,064 INFO o.a.j.t.JMeterThread: Thread is done: 接口实战 1-189
2026-09-22 15:34:08,064 INFO o.a.j.t.JMeterThread: Thread finished: 接口实战 1-189
2026-09-22 15:34:08,074 INFO o.a.j.t.JMeterThread: Thread is done: 接口实战 1-41
2026-09-22 15:34:08,074 INFO o.a.j.t.JMeterThread: Thread finished: 接口实战 1-41
2026-09-22 15:34:08,110 INFO o.a.j.t.JMeterThread: Thread is done: 接口实战 1-24
2026-09-22 15:34:08,110 INFO o.a.j.t.JMeterThread: Thread finished: 接口实战 1-24
2026-09-22 15:34:08,117 INFO o.a.j.t.JMeterThread: Thread is done: 接口实战 1-129
2026-09-22 15:34:08,117 INFO o.a.j.t.JMeterThread: Thread finished: 接口实战 1-129
2026-09-22 15:34:08,152 INFO o.a.j.t.JMeterThread: Thread is done: 接口实战 1-134
2026-09-22 15:34:08,152 INFO o.a.j.t.JMeterThread: Thread finished: 接口实战 1-134
2026-09-22 15:34:08,159 INFO o.a.j.t.JMeterThread: Thread is done: 接口实战 1-89
2026-09-22 15:34:08,159 INFO o.a.j.t.JMeterThread: Thread finished: 接口实战 1-89
2026-09-22 15:34:08,163 INFO o.a.j.t.JMeterThread: Thread is done: 接口实战 1-152
2026-09-22 15:34:08,163 INFO o.a.j.t.JMeterThread: Thread finished: 接口实战 1-152
2026-09-22 15:34:08,325 INFO o.a.j.t.JMeterThread: Thread is done: 接口实战 1-162
2026-09-22 15:34:08,325 INFO o.a.j.t.JMeterThread: Thread is done: 接口实战 1-136
2026-09-22 15:34:08,325 INFO o.a.j.t.JMeterThread: Thread finished: 接口实战 1-162
2026-09-22 15:34:08,325 INFO o.a.j.t.JMeterThread: Thread finished: 接口实战 1-136
2026-09-22 15:34:08,359 INFO o.a.j.t.JMeterThread: Thread is done: 接口实战 1-167
2026-09-22 15:34:08,359 INFO o.a.j.t.JMeterThread: Thread finished: 接口实战 1-167
2026-09-22 15:34:08,362 INFO o.a.j.t.JMeterThread: Thread is done: 接口实战 1-96
2026-09-22 15:34:08,362 INFO o.a.j.t.JMeterThread: Thread finished: 接口实战 1-96
2026-09-22 15:34:08,367 INFO o.a.j.t.JMeterThread: Thread is done: 接口实战 1-173
2026-09-22 15:34:08,367 INFO o.a.j.t.JMeterThread: Thread finished: 接口实战 1-173
2026-09-22 15:34:08,369 INFO o.a.j.t.JMeterThread: Thread is done: 接口实战 1-174
2026-09-22 15:34:08,369 INFO o.a.j.t.JMeterThread: Thread finished: 接口实战 1-174
2026-09-22 15:34:08,413 INFO o.a.j.t.JMeterThread: Thread is done: 接口实战 1-20
2026-09-22 15:34:08,413 INFO o.a.j.t.JMeterThread: Thread finished: 接口实战 1-20
2026-09-22 15:34:08,436 INFO o.a.j.t.JMeterThread: Thread is done: 接口实战 1-78
2026-09-22 15:34:08,436 INFO o.a.j.t.JMeterThread: Thread finished: 接口实战 1-78
2026-09-22 15:34:08,441 INFO o.a.j.t.JMeterThread: Thread is done: 接口实战 1-83
2026-09-22 15:34:08,441 INFO o.a.j.t.JMeterThread: Thread finished: 接口实战 1-83
2026-09-22 15:34:08,471 INFO o.a.j.t.JMeterThread: Thread is done: 接口实战 1-168
2026-09-22 15:34:08,471 INFO o.a.j.t.JMeterThread: Thread finished: 接口实战 1-168
2026-09-22 15:34:08,506 INFO o.a.j.t.JMeterThread: Thread is done: 接口实战 1-128
2026-09-22 15:34:08,506 INFO o.a.j.t.JMeterThread: Thread finished: 接口实战 1-128
2026-09-22 15:34:08,544 INFO o.a.j.t.JMeterThread: Thread is done: 接口实战 1-188
2026-09-22 15:34:08,544 INFO o.a.j.t.JMeterThread: Thread finished: 接口实战 1-188
2026-09-22 15:34:08,574 INFO o.a.j.t.JMeterThread: Thread is done: 接口实战 1-191
2026-09-22 15:34:08,574 INFO o.a.j.t.JMeterThread: Thread finished: 接口实战 1-191
2026-09-22 15:34:08,607 INFO o.a.j.t.JMeterThread: Thread is done: 接口实战 1-171
2026-09-22 15:34:08,607 INFO o.a.j.t.JMeterThread: Thread finished: 接口实战 1-171
2026-09-22 15:34:08,617 INFO o.a.j.t.JMeterThread: Thread is done: 接口实战 1-55
2026-09-22 15:34:08,617 INFO o.a.j.t.JMeterThread: Thread finished: 接口实战 1-55
2026-09-22 15:34:08,652 INFO o.a.j.t.JMeterThread: Thread is done: 接口实战 1-103
2026-09-22 15:34:08,652 INFO o.a.j.t.JMeterThread: Thread finished: 接口实战 1-103
2026-09-22 15:34:08,678 INFO o.a.j.t.JMeterThread: Thread is done: 接口实战 1-113
2026-09-22 15:34:08,678 INFO o.a.j.t.JMeterThread: Thread finished: 接口实战 1-113
2026-09-22 15:34:08,692 INFO o.a.j.t.JMeterThread: Thread is done: 接口实战 1-195
2026-09-22 15:34:08,692 INFO o.a.j.t.JMeterThread: Thread finished: 接口实战 1-195
2026-09-22 15:34:08,747 INFO o.a.j.t.JMeterThread: Thread is done: 接口实战 1-164
2026-09-22 15:34:08,747 INFO o.a.j.t.JMeterThread: Thread finished: 接口实战 1-164
2026-09-22 15:34:08,750 INFO o.a.j.t.JMeterThread: Thread is done: 接口实战 1-87
2026-09-22 15:34:08,750 INFO o.a.j.t.JMeterThread: Thread finished: 接口实战 1-87
2026-09-22 15:34:08,767 INFO o.a.j.t.JMeterThread: Thread is done: 接口实战 1-117
2026-09-22 15:34:08,767 INFO o.a.j.t.JMeterThread: Thread finished: 接口实战 1-117
2026-09-22 15:34:08,787 INFO o.a.j.t.JMeterThread: Thread is done: 接口实战 1-145
2026-09-22 15:34:08,787 INFO o.a.j.t.JMeterThread: Thread finished: 接口实战 1-145
2026-09-22 15:34:08,826 INFO o.a.j.t.JMeterThread: Thread is done: 接口实战 1-16
2026-09-22 15:34:08,826 INFO o.a.j.t.JMeterThread: Thread finished: 接口实战 1-16
2026-09-22 15:34:08,859 INFO o.a.j.t.JMeterThread: Thread is done: 接口实战 1-84
2026-09-22 15:34:08,859 INFO o.a.j.t.JMeterThread: Thread finished: 接口实战 1-84
2026-09-22 15:34:08,870 INFO o.a.j.t.JMeterThread: Thread is done: 接口实战 1-200
2026-09-22 15:34:08,870 INFO o.a.j.t.JMeterThread: Thread finished: 接口实战 1-200
2026-09-22 15:34:08,881 INFO o.a.j.t.JMeterThread: Thread is done: 接口实战 1-100
2026-09-22 15:34:08,881 INFO o.a.j.t.JMeterThread: Thread finished: 接口实战 1-100
2026-09-22 15:34:08,894 INFO o.a.j.t.JMeterThread: Thread is done: 接口实战 1-135
2026-09-22 15:34:08,894 INFO o.a.j.t.JMeterThread: Thread finished: 接口实战 1-135
2026-09-22 15:34:08,923 INFO o.a.j.t.JMeterThread: Thread is done: 接口实战 1-196
2026-09-22 15:34:08,923 INFO o.a.j.t.JMeterThread: Thread finished: 接口实战 1-196
2026-09-22 15:34:08,929 INFO o.a.j.t.JMeterThread: Thread is done: 接口实战 1-157
2026-09-22 15:34:08,929 INFO o.a.j.t.JMeterThread: Thread finished: 接口实战 1-157
2026-09-22 15:34:08,972 INFO o.a.j.t.JMeterThread: Thread is done: 接口实战 1-123
2026-09-22 15:34:08,972 INFO o.a.j.t.JMeterThread: Thread finished: 接口实战 1-123
2026-09-22 15:34:08,992 INFO o.a.j.t.JMeterThread: Thread is done: 接口实战 1-170
2026-09-22 15:34:08,992 INFO o.a.j.t.JMeterThread: Thread finished: 接口实战 1-170
2026-09-22 15:34:09,003 INFO o.a.j.t.JMeterThread: Thread is done: 接口实战 1-94
2026-09-22 15:34:09,003 INFO o.a.j.t.JMeterThread: Thread finished: 接口实战 1-94
2026-09-22 15:34:09,029 INFO o.a.j.t.JMeterThread: Thread is done: 接口实战 1-139
2026-09-22 15:34:09,030 INFO o.a.j.t.JMeterThread: Thread finished: 接口实战 1-139
2026-09-22 15:34:09,053 INFO o.a.j.t.JMeterThread: Thread is done: 接口实战 1-197
2026-09-22 15:34:09,053 INFO o.a.j.t.JMeterThread: Thread finished: 接口实战 1-197
2026-09-22 15:34:09,057 INFO o.a.j.t.JMeterThread: Thread is done: 接口实战 1-29
2026-09-22 15:34:09,057 INFO o.a.j.t.JMeterThread: Thread is done: 接口实战 1-81
2026-09-22 15:34:09,057 INFO o.a.j.t.JMeterThread: Thread finished: 接口实战 1-29
2026-09-22 15:34:09,057 INFO o.a.j.t.JMeterThread: Thread finished: 接口实战 1-81
2026-09-22 15:34:09,108 INFO o.a.j.t.JMeterThread: Thread is done: 接口实战 1-194
2026-09-22 15:34:09,108 INFO o.a.j.t.JMeterThread: Thread finished: 接口实战 1-194
2026-09-22 15:34:09,128 INFO o.a.j.t.JMeterThread: Thread is done: 接口实战 1-108
2026-09-22 15:34:09,128 INFO o.a.j.t.JMeterThread: Thread finished: 接口实战 1-108
2026-09-22 15:34:09,148 INFO o.a.j.t.JMeterThread: Thread is done: 接口实战 1-165
2026-09-22 15:34:09,148 INFO o.a.j.t.JMeterThread: Thread finished: 接口实战 1-165
2026-09-22 15:34:09,148 INFO o.a.j.t.JMeterThread: Thread is done: 接口实战 1-169
2026-09-22 15:34:09,148 INFO o.a.j.t.JMeterThread: Thread finished: 接口实战 1-169
2026-09-22 15:34:09,155 INFO o.a.j.t.JMeterThread: Thread is done: 接口实战 1-182
2026-09-22 15:34:09,155 INFO o.a.j.t.JMeterThread: Thread finished: 接口实战 1-182
2026-09-22 15:34:09,172 INFO o.a.j.t.JMeterThread: Thread is done: 接口实战 1-142
2026-09-22 15:34:09,172 INFO o.a.j.t.JMeterThread: Thread finished: 接口实战 1-142
2026-09-22 15:34:09,184 INFO o.a.j.t.JMeterThread: Thread is done: 接口实战 1-150
2026-09-22 15:34:09,184 INFO o.a.j.t.JMeterThread: Thread finished: 接口实战 1-150
2026-09-22 15:34:09,190 INFO o.a.j.t.JMeterThread: Thread is done: 接口实战 1-137
2026-09-22 15:34:09,190 INFO o.a.j.t.JMeterThread: Thread finished: 接口实战 1-137
2026-09-22 15:34:09,219 INFO o.a.j.t.JMeterThread: Thread is done: 接口实战 1-116
2026-09-22 15:34:09,219 INFO o.a.j.t.JMeterThread: Thread finished: 接口实战 1-116
2026-09-22 15:34:09,225 INFO o.a.j.t.JMeterThread: Thread is done: 接口实战 1-179
2026-09-22 15:34:09,225 INFO o.a.j.t.JMeterThread: Thread finished: 接口实战 1-179
2026-09-22 15:34:09,244 INFO o.a.j.t.JMeterThread: Thread is done: 接口实战 1-127
2026-09-22 15:34:09,244 INFO o.a.j.t.JMeterThread: Thread finished: 接口实战 1-127
2026-09-22 15:34:09,262 INFO o.a.j.t.JMeterThread: Thread is done: 接口实战 1-104
2026-09-22 15:34:09,262 INFO o.a.j.t.JMeterThread: Thread finished: 接口实战 1-104
2026-09-22 15:34:09,267 INFO o.a.j.t.JMeterThread: Thread is done: 接口实战 1-66
2026-09-22 15:34:09,268 INFO o.a.j.t.JMeterThread: Thread finished: 接口实战 1-66
2026-09-22 15:34:09,287 INFO o.a.j.t.JMeterThread: Thread is done: 接口实战 1-199
2026-09-22 15:34:09,287 INFO o.a.j.t.JMeterThread: Thread finished: 接口实战 1-199
2026-09-22 15:34:09,319 INFO o.a.j.t.JMeterThread: Thread is done: 接口实战 1-91
2026-09-22 15:34:09,319 INFO o.a.j.t.JMeterThread: Thread finished: 接口实战 1-91
2026-09-22 15:34:09,368 INFO o.a.j.t.JMeterThread: Thread is done: 接口实战 1-107
2026-09-22 15:34:09,368 INFO o.a.j.t.JMeterThread: Thread finished: 接口实战 1-107
2026-09-22 15:34:09,368 INFO o.a.j.t.JMeterThread: Thread is done: 接口实战 1-106
2026-09-22 15:34:09,368 INFO o.a.j.t.JMeterThread: Thread finished: 接口实战 1-106
2026-09-22 15:34:09,383 INFO o.a.j.t.JMeterThread: Thread is done: 接口实战 1-21
2026-09-22 15:34:09,383 INFO o.a.j.t.JMeterThread: Thread finished: 接口实战 1-21
2026-09-22 15:34:09,383 INFO o.a.j.t.JMeterThread: Thread is done: 接口实战 1-72
2026-09-22 15:34:09,383 INFO o.a.j.t.JMeterThread: Thread finished: 接口实战 1-72
2026-09-22 15:34:09,426 INFO o.a.j.t.JMeterThread: Thread is done: 接口实战 1-143
2026-09-22 15:34:09,426 INFO o.a.j.t.JMeterThread: Thread finished: 接口实战 1-143
2026-09-22 15:34:09,451 INFO o.a.j.t.JMeterThread: Thread is done: 接口实战 1-121
2026-09-22 15:34:09,451 INFO o.a.j.t.JMeterThread: Thread finished: 接口实战 1-121
2026-09-22 15:34:09,466 INFO o.a.j.t.JMeterThread: Thread is done: 接口实战 1-120
2026-09-22 15:34:09,466 INFO o.a.j.t.JMeterThread: Thread finished: 接口实战 1-120
2026-09-22 15:34:09,502 INFO o.a.j.t.JMeterThread: Thread is done: 接口实战 1-146
2026-09-22 15:34:09,503 INFO o.a.j.t.JMeterThread: Thread finished: 接口实战 1-146
2026-09-22 15:34:09,514 INFO o.a.j.t.JMeterThread: Thread is done: 接口实战 1-153
2026-09-22 15:34:09,514 INFO o.a.j.t.JMeterThread: Thread finished: 接口实战 1-153
2026-09-22 15:34:09,527 INFO o.a.j.t.JMeterThread: Thread is done: 接口实战 1-158
2026-09-22 15:34:09,528 INFO o.a.j.t.JMeterThread: Thread finished: 接口实战 1-158
2026-09-22 15:34:09,590 INFO o.a.j.t.JMeterThread: Thread is done: 接口实战 1-178
2026-09-22 15:34:09,590 INFO o.a.j.t.JMeterThread: Thread finished: 接口实战 1-178
2026-09-22 15:34:09,624 INFO o.a.j.t.JMeterThread: Thread is done: 接口实战 1-115
2026-09-22 15:34:09,624 INFO o.a.j.t.JMeterThread: Thread finished: 接口实战 1-115
2026-09-22 15:34:09,628 INFO o.a.j.t.JMeterThread: Thread is done: 接口实战 1-166
2026-09-22 15:34:09,628 INFO o.a.j.t.JMeterThread: Thread finished: 接口实战 1-166
2026-09-22 15:34:09,646 INFO o.a.j.t.JMeterThread: Thread is done: 接口实战 1-92
2026-09-22 15:34:09,646 INFO o.a.j.t.JMeterThread: Thread finished: 接口实战 1-92
2026-09-22 15:34:09,693 INFO o.a.j.t.JMeterThread: Thread is done: 接口实战 1-28
2026-09-22 15:34:09,693 INFO o.a.j.t.JMeterThread: Thread finished: 接口实战 1-28
2026-09-22 15:34:09,697 INFO o.a.j.t.JMeterThread: Thread is done: 接口实战 1-175
2026-09-22 15:34:09,697 INFO o.a.j.t.JMeterThread: Thread finished: 接口实战 1-175
2026-09-22 15:34:09,697 INFO o.a.j.t.JMeterThread: Thread is done: 接口实战 1-97
2026-09-22 15:34:09,697 INFO o.a.j.t.JMeterThread: Thread finished: 接口实战 1-97
2026-09-22 15:34:09,744 INFO o.a.j.t.JMeterThread: Thread is done: 接口实战 1-177
2026-09-22 15:34:09,744 INFO o.a.j.t.JMeterThread: Thread finished: 接口实战 1-177
2026-09-22 15:34:09,760 INFO o.a.j.t.JMeterThread: Thread is done: 接口实战 1-198
2026-09-22 15:34:09,760 INFO o.a.j.t.JMeterThread: Thread finished: 接口实战 1-198
2026-09-22 15:34:09,761 INFO o.a.j.t.JMeterThread: Thread is done: 接口实战 1-144
2026-09-22 15:34:09,761 INFO o.a.j.t.JMeterThread: Thread finished: 接口实战 1-144
2026-09-22 15:34:09,772 INFO o.a.j.t.JMeterThread: Thread is done: 接口实战 1-10
2026-09-22 15:34:09,772 INFO o.a.j.t.JMeterThread: Thread finished: 接口实战 1-10
2026-09-22 15:34:09,814 INFO o.a.j.t.JMeterThread: Thread is done: 接口实战 1-176
2026-09-22 15:34:09,814 INFO o.a.j.t.JMeterThread: Thread finished: 接口实战 1-176
2026-09-22 15:34:09,837 INFO o.a.j.t.JMeterThread: Thread is done: 接口实战 1-193
2026-09-22 15:34:09,837 INFO o.a.j.t.JMeterThread: Thread finished: 接口实战 1-193
2026-09-22 15:34:09,837 INFO o.a.j.t.JMeterThread: Thread is done: 接口实战 1-187
2026-09-22 15:34:09,837 INFO o.a.j.t.JMeterThread: Thread finished: 接口实战 1-187
2026-09-22 15:34:09,861 INFO o.a.j.t.JMeterThread: Thread is done: 接口实战 1-77
2026-09-22 15:34:09,861 INFO o.a.j.t.JMeterThread: Thread finished: 接口实战 1-77
2026-09-22 15:34:09,890 INFO o.a.j.t.JMeterThread: Thread is done: 接口实战 1-148
2026-09-22 15:34:09,890 INFO o.a.j.t.JMeterThread: Thread finished: 接口实战 1-148
2026-09-22 15:34:09,902 INFO o.a.j.t.JMeterThread: Thread is done: 接口实战 1-102
2026-09-22 15:34:09,902 INFO o.a.j.t.JMeterThread: Thread finished: 接口实战 1-102
2026-09-22 15:34:09,957 INFO o.a.j.t.JMeterThread: Thread is done: 接口实战 1-181
2026-09-22 15:34:09,957 INFO o.a.j.t.JMeterThread: Thread finished: 接口实战 1-181
2026-09-22 15:34:09,982 INFO o.a.j.t.JMeterThread: Thread is done: 接口实战 1-125
2026-09-22 15:34:09,982 INFO o.a.j.t.JMeterThread: Thread finished: 接口实战 1-125
2026-09-22 15:34:10,044 INFO o.a.j.t.JMeterThread: Thread is done: 接口实战 1-131
2026-09-22 15:34:10,044 INFO o.a.j.t.JMeterThread: Thread finished: 接口实战 1-131
2026-09-22 15:34:10,055 INFO o.a.j.t.JMeterThread: Thread is done: 接口实战 1-192
2026-09-22 15:34:10,055 INFO o.a.j.t.JMeterThread: Thread finished: 接口实战 1-192
2026-09-22 15:34:10,117 INFO o.a.j.t.JMeterThread: Thread is done: 接口实战 1-140
2026-09-22 15:34:10,117 INFO o.a.j.t.JMeterThread: Thread finished: 接口实战 1-140
2026-09-22 15:34:10,135 INFO o.a.j.t.JMeterThread: Thread is done: 接口实战 1-160
2026-09-22 15:34:10,135 INFO o.a.j.t.JMeterThread: Thread finished: 接口实战 1-160
2026-09-22 15:34:10,204 INFO o.a.j.t.JMeterThread: Thread is done: 接口实战 1-95
2026-09-22 15:34:10,204 INFO o.a.j.t.JMeterThread: Thread finished: 接口实战 1-95
2026-09-22 15:34:10,209 INFO o.a.j.t.JMeterThread: Thread is done: 接口实战 1-79
2026-09-22 15:34:10,209 INFO o.a.j.t.JMeterThread: Thread finished: 接口实战 1-79
2026-09-22 15:34:10,216 INFO o.a.j.t.JMeterThread: Thread is done: 接口实战 1-126
2026-09-22 15:34:10,216 INFO o.a.j.t.JMeterThread: Thread finished: 接口实战 1-126
2026-09-22 15:34:10,284 INFO o.a.j.t.JMeterThread: Thread is done: 接口实战 1-105
2026-09-22 15:34:10,284 INFO o.a.j.t.JMeterThread: Thread finished: 接口实战 1-105
2026-09-22 15:34:10,289 INFO o.a.j.t.JMeterThread: Thread is done: 接口实战 1-184
2026-09-22 15:34:10,289 INFO o.a.j.t.JMeterThread: Thread finished: 接口实战 1-184
2026-09-22 15:34:10,589 INFO o.a.j.t.JMeterThread: Thread is done: 接口实战 1-73
2026-09-22 15:34:10,590 INFO o.a.j.t.JMeterThread: Thread finished: 接口实战 1-73
2026-09-22 15:34:10,648 INFO o.a.j.t.JMeterThread: Thread is done: 接口实战 1-161
2026-09-22 15:34:10,648 INFO o.a.j.t.JMeterThread: Thread finished: 接口实战 1-161
2026-09-22 15:34:10,757 INFO o.a.j.t.JMeterThread: Thread is done: 接口实战 1-6
2026-09-22 15:34:10,757 INFO o.a.j.t.JMeterThread: Thread finished: 接口实战 1-6
2026-09-22 15:34:10,953 INFO o.a.j.t.JMeterThread: Thread is done: 接口实战 1-11
2026-09-22 15:34:10,953 INFO o.a.j.t.JMeterThread: Thread finished: 接口实战 1-11
2026-09-22 15:34:11,430 INFO o.a.j.t.JMeterThread: Thread is done: 接口实战 1-110
2026-09-22 15:34:11,430 INFO o.a.j.t.JMeterThread: Thread finished: 接口实战 1-110
2026-09-22 15:34:11,430 INFO o.a.j.e.StandardJMeterEngine: Notifying test listeners of end of test
2026-09-22 15:34:11,431 INFO o.a.j.r.Summariser: summary +   1241 in 00:00:11 =  108.8/s Avg:  1438 Min:   106 Max: 21039 Err:     5 (0.40%) Active: 0 Started: 200 Finished: 200
2026-09-22 15:34:11,431 INFO o.a.j.r.Summariser: summary =   4000 in 00:00:35 =  113.6/s Avg:  1518 Min:   106 Max: 21039 Err:     5 (0.12%)
2026-09-22 15:34:11,432 INFO o.a.j.JMeter: Generating Dashboard
2026-09-22 15:34:11,432 INFO o.a.j.r.d.ReportGenerator: Flushing result collector before report Generation
2026-09-22 15:34:11,453 INFO o.a.j.r.p.NormalizerSampleConsumer: Using format, 'ms', to parse timeStamp field
2026-09-22 15:34:11,661 INFO o.a.j.r.p.AbstractSampleConsumer: class org.apache.jmeter.report.processor.AggregateConsumer#stopProducing(): beginDate produced 0 samples
2026-09-22 15:34:11,661 INFO o.a.j.r.p.AbstractSampleConsumer: class org.apache.jmeter.report.processor.AggregateConsumer#stopProducing(): endDate produced 0 samples
2026-09-22 15:34:11,672 INFO o.a.j.r.p.AbstractSampleConsumer: class org.apache.jmeter.report.processor.ApdexSummaryConsumer#stopProducing(): apdexSummary produced 0 samples
2026-09-22 15:34:11,672 INFO o.a.j.r.p.AbstractSampleConsumer: class org.apache.jmeter.report.processor.RequestsSummaryConsumer#stopProducing(): requestsSummary produced 0 samples
2026-09-22 15:34:11,690 INFO o.a.j.r.p.AbstractSampleConsumer: class org.apache.jmeter.report.processor.StatisticsSummaryConsumer#stopProducing(): statisticsSummary produced 0 samples
2026-09-22 15:34:11,693 INFO o.a.j.r.p.AbstractSampleConsumer: class org.apache.jmeter.report.processor.Top5ErrorsBySamplerConsumer#stopProducing(): top5ErrorsBySampler produced 0 samples
2026-09-22 15:34:11,693 INFO o.a.j.r.p.AbstractSampleConsumer: class org.apache.jmeter.report.processor.ErrorsSummaryConsumer#stopProducing(): errorsSummary produced 0 samples
2026-09-22 15:34:11,693 INFO o.a.j.r.p.AbstractSampleConsumer: class org.apache.jmeter.report.processor.graph.impl.HitsPerSecondGraphConsumer#stopProducing(): hitsPerSecond produced 0 samples
2026-09-22 15:34:11,783 INFO o.a.j.r.p.AbstractSampleConsumer: class org.apache.jmeter.report.processor.graph.impl.LatencyVSRequestGraphConsumer#stopProducing(): latencyVsRequest produced 0 samples
2026-09-22 15:34:11,783 INFO o.a.j.r.p.AbstractSampleConsumer: class org.apache.jmeter.report.processor.graph.impl.SyntheticResponseTimeDistributionGraphConsumer#stopProducing(): syntheticResponseTimeDistribution produced 0 samples
2026-09-22 15:34:11,784 INFO o.a.j.r.p.AbstractSampleConsumer: class org.apache.jmeter.report.processor.graph.impl.BytesThroughputGraphConsumer#stopProducing(): bytesThroughputOverTime produced 0 samples
2026-09-22 15:34:11,784 INFO o.a.j.r.p.AbstractSampleConsumer: class org.apache.jmeter.report.processor.graph.impl.CodesPerSecondGraphConsumer#stopProducing(): codesPerSecond produced 0 samples
2026-09-22 15:34:11,823 INFO o.a.j.r.p.AbstractSampleConsumer: class org.apache.jmeter.report.processor.graph.impl.ResponseTimeVSRequestGraphConsumer#stopProducing(): responseTimeVsRequest produced 0 samples
2026-09-22 15:34:11,823 INFO o.a.j.r.p.AbstractSampleConsumer: class org.apache.jmeter.report.processor.FilterConsumer#stopProducing(): startIntervalControlerFilter produced 28000 samples
2026-09-22 15:34:11,823 INFO o.a.j.r.p.AbstractSampleConsumer: class org.apache.jmeter.report.processor.graph.impl.TotalTPSGraphConsumer#stopProducing(): totalTPS produced 0 samples
2026-09-22 15:34:11,823 INFO o.a.j.r.p.AbstractSampleConsumer: class org.apache.jmeter.report.processor.graph.impl.ActiveThreadsGraphConsumer#stopProducing(): activeThreadsOverTime produced 0 samples
2026-09-22 15:34:11,823 INFO o.a.j.r.p.AbstractSampleConsumer: class org.apache.jmeter.report.processor.graph.impl.TimeVSThreadGraphConsumer#stopProducing(): timeVsThreads produced 0 samples
2026-09-22 15:34:11,824 INFO o.a.j.r.p.AbstractSampleConsumer: class org.apache.jmeter.report.processor.graph.impl.ResponseTimeDistributionGraphConsumer#stopProducing(): responseTimeDistribution produced 0 samples
2026-09-22 15:34:11,824 INFO o.a.j.r.p.AbstractSampleConsumer: class org.apache.jmeter.report.processor.graph.impl.TransactionsPerSecondGraphConsumer#stopProducing(): transactionsPerSecond produced 0 samples
2026-09-22 15:34:11,825 INFO o.a.j.r.p.AbstractSampleConsumer: class org.apache.jmeter.report.processor.graph.impl.ResponseTimePercentilesGraphConsumer#stopProducing(): responseTimePercentiles produced 0 samples
2026-09-22 15:34:11,827 INFO o.a.j.r.p.AbstractSampleConsumer: class org.apache.jmeter.report.processor.graph.impl.ResponseTimePercentilesOverTimeGraphConsumer#stopProducing(): responseTimePercentilesOverTime produced 0 samples
2026-09-22 15:34:11,830 INFO o.a.j.r.p.AbstractSampleConsumer: class org.apache.jmeter.report.processor.graph.impl.ResponseTimeOverTimeGraphConsumer#stopProducing(): responseTimesOverTime produced 0 samples
2026-09-22 15:34:11,830 INFO o.a.j.r.p.AbstractSampleConsumer: class org.apache.jmeter.report.processor.graph.impl.ConnectTimeOverTimeGraphConsumer#stopProducing(): connectTimeOverTime produced 0 samples
2026-09-22 15:34:11,830 INFO o.a.j.r.p.AbstractSampleConsumer: class org.apache.jmeter.report.processor.graph.impl.LatencyOverTimeGraphConsumer#stopProducing(): latenciesOverTime produced 0 samples
2026-09-22 15:34:11,830 INFO o.a.j.r.p.AbstractSampleConsumer: class org.apache.jmeter.report.processor.FilterConsumer#stopProducing(): nameFilter produced 60000 samples
2026-09-22 15:34:11,830 INFO o.a.j.r.p.AbstractSampleConsumer: class org.apache.jmeter.report.processor.FilterConsumer#stopProducing(): dateRangeFilter produced 12000 samples
2026-09-22 15:34:11,830 INFO o.a.j.r.p.AbstractSampleConsumer: class org.apache.jmeter.report.processor.NormalizerSampleConsumer#stopProducing(): normalizer produced 4000 samples
2026-09-22 15:34:11,831 INFO o.a.j.r.p.CsvFileSampleSource: produce(): 4000 samples produced in 355ms on channel 0
2026-09-22 15:34:11,831 INFO o.a.j.r.d.ReportGenerator: Exporting data using exporter:'json' of className:'org.apache.jmeter.report.dashboard.JsonExporter'
2026-09-22 15:34:11,927 INFO o.a.j.r.d.JsonExporter: Found data for consumer statisticsSummary in context
2026-09-22 15:34:11,928 INFO o.a.j.r.d.JsonExporter: Creating statistics for overall
2026-09-22 15:34:11,928 INFO o.a.j.r.d.JsonExporter: Creating statistics for other transactions
2026-09-22 15:34:11,928 INFO o.a.j.r.d.JsonExporter: Checking output folder
2026-09-22 15:34:11,928 INFO o.a.j.r.d.JsonExporter: Writing statistics JSON to F:\jkzdh封装\jmeter\report_200\statistics.json
2026-09-22 15:34:11,956 INFO o.a.j.r.d.ReportGenerator: Exporting data using exporter:'html' of className:'org.apache.jmeter.report.dashboard.HtmlTemplateExporter'
2026-09-22 15:34:11,957 INFO o.a.j.r.d.HtmlTemplateExporter: Will generate dashboard in folder: F:\jkzdh封装\jmeter\report_200
2026-09-22 15:34:12,074 INFO o.a.j.r.d.HtmlTemplateExporter: Report will be generated in: F:\jkzdh封装\jmeter\report_200, creating folder structure
2026-09-22 15:34:12,076 INFO o.a.j.r.d.TemplateVisitor: Copying folder from 'F:\program\apache-jmeter-5.6.3\bin\report-template' to 'F:\jkzdh封装\jmeter\report_200', got message: F:\jkzdh封装\jmeter\report_200, found non empty folder with following content [F:\jkzdh封装\jmeter\report_200\statistics.json], will be ignored
2026-09-22 15:34:12,286 INFO o.a.j.JMeter: Dashboard generated
